Microsoft Windows [Version 10.0.19044.1466]
(c) Microsoft Corporation. Wszelkie prawa zastrzeżone.

C:\Users\ola>pip help

Usage:
  pip <command> [options]

Commands:
  install                     Install packages.
  download                    Download packages.
  uninstall                   Uninstall packages.
  freeze                      Output installed packages in requirements format.
  list                        List installed packages.
  show                        Show information about installed packages.
  check                       Verify installed packages have compatible dependencies.
  config                      Manage local and global configuration.
  search                      Search PyPI for packages.
  cache                       Inspect and manage pip's wheel cache.
  index                       Inspect information available from package indexes.
  wheel                       Build wheels from your requirements.
  hash                        Compute hashes of package archives.
  completion                  A helper command used for command completion.
  debug                       Show information useful for debugging.
  help                        Show help for commands.

General Options:
  -h, --help                  Show help.
  --isolated                  Run pip in an isolated mode, ignoring environment variables and user configuration.
  -v, --verbose               Give more output. Option is additive, and can be used up to 3 times.
  -V, --version               Show version and exit.
  -q, --quiet                 Give less output. Option is additive, and can be used up to 3 times (corresponding to
                              WARNING, ERROR, and CRITICAL logging levels).
  --log <path>                Path to a verbose appending log.
  --no-input                  Disable prompting for input.
  --proxy <proxy>             Specify a proxy in the form [user:passwd@]proxy.server:port.
  --retries <retries>         Maximum number of retries each connection should attempt (default 5 times).
  --timeout <sec>             Set the socket timeout (default 15 seconds).
  --exists-action <action>    Default action when a path already exists: (s)witch, (i)gnore, (w)ipe, (b)ackup,
                              (a)bort.
  --trusted-host <hostname>   Mark this host or host:port pair as trusted, even though it does not have valid or any
                              HTTPS.
  --cert <path>               Path to PEM-encoded CA certificate bundle. If provided, overrides the default. See 'SSL
                              Certificate Verification' in pip documentation for more information.
  --client-cert <path>        Path to SSL client certificate, a single file containing the private key and the
                              certificate in PEM format.
  --cache-dir <dir>           Store the cache data in <dir>.
  --no-cache-dir              Disable the cache.
  --disable-pip-version-check
                              Don't periodically check PyPI to determine whether a new version of pip is available for
                              download. Implied with --no-index.
  --no-color                  Suppress colored output.
  --no-python-version-warning
                              Silence deprecation warnings for upcoming unsupported Pythons.
  --use-feature <feature>     Enable new functionality, that may be backward incompatible.
  --use-deprecated <feature>  Enable deprecated functionality, that will be removed in the future.

C:\Users\ola>pip3 help

Usage:
  pip3 <command> [options]

Commands:
  install                     Install packages.
  download                    Download packages.
  uninstall                   Uninstall packages.
  freeze                      Output installed packages in requirements format.
  list                        List installed packages.
  show                        Show information about installed packages.
  check                       Verify installed packages have compatible dependencies.
  config                      Manage local and global configuration.
  search                      Search PyPI for packages.
  cache                       Inspect and manage pip's wheel cache.
  index                       Inspect information available from package indexes.
  wheel                       Build wheels from your requirements.
  hash                        Compute hashes of package archives.
  completion                  A helper command used for command completion.
  debug                       Show information useful for debugging.
  help                        Show help for commands.

General Options:
  -h, --help                  Show help.
  --isolated                  Run pip in an isolated mode, ignoring environment variables and user configuration.
  -v, --verbose               Give more output. Option is additive, and can be used up to 3 times.
  -V, --version               Show version and exit.
  -q, --quiet                 Give less output. Option is additive, and can be used up to 3 times (corresponding to WARNING, ERROR, and CRITICAL logging levels).
  --log <path>                Path to a verbose appending log.
  --no-input                  Disable prompting for input.
  --proxy <proxy>             Specify a proxy in the form [user:passwd@]proxy.server:port.
  --retries <retries>         Maximum number of retries each connection should attempt (default 5 times).
  --timeout <sec>             Set the socket timeout (default 15 seconds).
  --exists-action <action>    Default action when a path already exists: (s)witch, (i)gnore, (w)ipe, (b)ackup, (a)bort.
  --trusted-host <hostname>   Mark this host or host:port pair as trusted, even though it does not have valid or any HTTPS.
  --cert <path>               Path to PEM-encoded CA certificate bundle. If provided, overrides the default. See 'SSL Certificate Verification' in pip documentation for more information.
  --client-cert <path>        Path to SSL client certificate, a single file containing the private key and the certificate in PEM format.
  --cache-dir <dir>           Store the cache data in <dir>.
  --no-cache-dir              Disable the cache.
  --disable-pip-version-check
                              Don't periodically check PyPI to determine whether a new version of pip is available for download. Implied with --no-index.
  --no-color                  Suppress colored output.
  --no-python-version-warning
                              Silence deprecation warnings for upcoming unsupported Pythons.
  --use-feature <feature>     Enable new functionality, that may be backward incompatible.
  --use-deprecated <feature>  Enable deprecated functionality, that will be removed in the future.

C:\Users\ola>cd C:\Users\ola\AppData\Local\Microsoft\WindowsApps

C:\Users\ola\AppData\Local\Microsoft\WindowsApps>pip install Faker
Collecting Faker
  Downloading Faker-11.3.0-py3-none-any.whl (1.2 MB)
     |████████████████████████████████| 1.2 MB 1.1 MB/s
Collecting text-unidecode==1.3
  Downloading text_unidecode-1.3-py2.py3-none-any.whl (78 kB)
     |████████████████████████████████| 78 kB 1.3 MB/s
Collecting python-dateutil>=2.4
  Downloading python_dateutil-2.8.2-py2.py3-none-any.whl (247 kB)
     |████████████████████████████████| 247 kB 6.4 MB/s
Collecting six>=1.5
  Downloading six-1.16.0-py2.py3-none-any.whl (11 kB)
Installing collected packages: six, text-unidecode, python-dateutil, Faker
Successfully installed Faker-11.3.0 python-dateutil-2.8.2 six-1.16.0 text-unidecode-1.3
WARNING: You are using pip version 21.2.4; however, version 21.3.1 is available.
You should consider upgrading via the 'C:\Users\ola\AppData\Local\Microsoft\WindowsApps\python.exe -m pip install --upgrade pip' command.

C:\Users\ola\AppData\Local\Microsoft\WindowsApps>python.exe -m pip install --upgrade pip
Requirement already satisfied: pip in c:\users\ola\appdata\local\microsoft\windowsapps\lib\site-packages (21.2.4)
Collecting pip
  Using cached pip-21.3.1-py3-none-any.whl (1.7 MB)
Installing collected packages: pip
  Attempting uninstall: pip
    Found existing installation: pip 21.2.4
    Uninstalling pip-21.2.4:
      Successfully uninstalled pip-21.2.4
Successfully installed pip-21.3.1

C:\Users\ola\AppData\Local\Microsoft\WindowsApps>python -m venv C:\Users\ola\Documents\python\jet_brains_py_charm\flask

C:\Users\ola\AppData\Local\Microsoft\WindowsApps>cd C:\Users\ola\Documents\python\jet_brains_py_charm\flask

C:\Users\ola\Documents\python\jet_brains_py_charm\flask>Scripts\activate

(flask) C:\Users\ola\Documents\python\jet_brains_py_charm\flask>pip install Flask
Collecting Flask
  Downloading Flask-2.0.2-py3-none-any.whl (95 kB)
     |████████████████████████████████| 95 kB 620 kB/s
Collecting itsdangerous>=2.0
  Downloading itsdangerous-2.0.1-py3-none-any.whl (18 kB)
Collecting Werkzeug>=2.0
  Downloading Werkzeug-2.0.2-py3-none-any.whl (288 kB)
     |████████████████████████████████| 288 kB 3.3 MB/s
Collecting click>=7.1.2
  Downloading click-8.0.3-py3-none-any.whl (97 kB)
     |████████████████████████████████| 97 kB 1.7 MB/s
Collecting Jinja2>=3.0
  Downloading Jinja2-3.0.3-py3-none-any.whl (133 kB)
     |████████████████████████████████| 133 kB 6.4 MB/s
Collecting colorama
  Using cached colorama-0.4.4-py2.py3-none-any.whl (16 kB)
Collecting MarkupSafe>=2.0
  Downloading MarkupSafe-2.0.1-cp310-cp310-win_amd64.whl (15 kB)
Installing collected packages: MarkupSafe, colorama, Werkzeug, Jinja2, itsdangerous, click, Flask
Successfully installed Flask-2.0.2 Jinja2-3.0.3 MarkupSafe-2.0.1 Werkzeug-2.0.2 click-8.0.3 colorama-0.4.4 itsdangerous-2.0.1
WARNING: You are using pip version 21.2.4; however, version 21.3.1 is available.
You should consider upgrading via the 'C:\Users\ola\Documents\python\jet_brains_py_charm\flask\Scripts\python.exe -m pip install --upgrade pip' command.

(flask) C:\Users\ola\Documents\python\jet_brains_py_charm\flask>C:\Users\ola\Documents\python\jet_brains_py_charm\flask\Scripts\python.exe -m pip install --upgrade pip
Requirement already satisfied: pip in c:\users\ola\documents\python\jet_brains_py_charm\flask\lib\site-packages (21.2.4)
Collecting pip
  Using cached pip-21.3.1-py3-none-any.whl (1.7 MB)
Installing collected packages: pip
  Attempting uninstall: pip
    Found existing installation: pip 21.2.4
    Uninstalling pip-21.2.4:
      Successfully uninstalled pip-21.2.4
Successfully installed pip-21.3.1

(flask) C:\Users\ola\Documents\python\jet_brains_py_charm\flask>pip freeze
click==8.0.3
colorama==0.4.4
Flask==2.0.2
itsdangerous==2.0.1
Jinja2==3.0.3
MarkupSafe==2.0.1
Werkzeug==2.0.2

(flask) C:\Users\ola\Documents\python\jet_brains_py_charm\flask>export FLASK_APP=C:\Users\ola\Documents\python\jet_brains_py_charm\flask\app.py
'export' is not recognized as an internal or external command,
operable program or batch file.

(flask) C:\Users\ola\Documents\python\jet_brains_py_charm\flask>set FLASK_APP=C:\Users\ola\Documents\python\jet_brains_py_charm\flask\app.py

(flask) C:\Users\ola\Documents\python\jet_brains_py_charm\flask>flask run
 * Serving Flask app 'C:\\Users\\ola\\Documents\\python\\jet_brains_py_charm\\flask\\app.py' (lazy loading)
 * Environment: production
   WARNING: This is a development server. Do not use it in a production deployment.
   Use a production WSGI server instead.
 * Debug mode: off
 * Running on http://127.0.0.1:5000/ (Press CTRL+C to quit)
127.0.0.1 - - [20/Jan/2022 21:37:07] "GET / HTTP/1.1" 200 -
127.0.0.1 - - [20/Jan/2022 21:37:07] "GET /favicon.ico HTTP/1.1" 404 -

(flask) C:\Users\ola\Documents\python\jet_brains_py_charm\flask>set FLASK_ENV=development

(flask) C:\Users\ola\Documents\python\jet_brains_py_charm\flask>flask run
 * Serving Flask app 'C:\\Users\\ola\\Documents\\python\\jet_brains_py_charm\\flask\\app.py' (lazy loading)
 * Environment: development
 * Debug mode: on
 * Restarting with stat
 * Debugger is active!
 * Debugger PIN: 737-898-109
 * Running on http://127.0.0.1:5000/ (Press CTRL+C to quit)
127.0.0.1 - - [20/Jan/2022 21:39:02] "GET / HTTP/1.1" 200 -
 * Detected change in 'C:\\Users\\ola\\Documents\\python\\jet_brains_py_charm\\flask\\app.py', reloading
 * Restarting with stat
 * Debugger is active!
 * Debugger PIN: 737-898-109
 * Running on http://127.0.0.1:5000/ (Press CTRL+C to quit)

(flask) C:\Users\ola\Documents\python\jet_brains_py_charm\flask>flask run
 * Serving Flask app 'C:\\Users\\ola\\Documents\\python\\jet_brains_py_charm\\flask\\app.py' (lazy loading)
 * Environment: development
 * Debug mode: on
 * Restarting with stat
 * Debugger is active!
 * Debugger PIN: 737-898-109
 * Running on http://127.0.0.1:5000/ (Press CTRL+C to quit)
127.0.0.1 - - [20/Jan/2022 21:44:34] "GET / HTTP/1.1" 404 -
127.0.0.1 - - [20/Jan/2022 21:44:50] "GET /hello HTTP/1.1" 200 -

(flask) C:\Users\ola\Documents\python\jet_brains_py_charm\flask>set FLASK_APP=C:\Users\ola\Documents\python\jet_brains_py_charm\flask\blog.py

(flask) C:\Users\ola\Documents\python\jet_brains_py_charm\flask>flask run
 * Serving Flask app 'C:\\Users\\ola\\Documents\\python\\jet_brains_py_charm\\flask\\blog.py' (lazy loading)
 * Environment: development
 * Debug mode: on
 * Restarting with stat
 * Debugger is active!
 * Debugger PIN: 737-898-109
 * Running on http://127.0.0.1:5000/ (Press CTRL+C to quit)
127.0.0.1 - - [20/Jan/2022 21:51:36] "GET /blog/1 HTTP/1.1" 200 -
127.0.0.1 - - [20/Jan/2022 21:52:15] "GET /hello HTTP/1.1" 404 -
127.0.0.1 - - [20/Jan/2022 21:52:26] "GET / HTTP/1.1" 404 -
127.0.0.1 - - [20/Jan/2022 21:52:56] "GET / HTTP/1.1" 404 -
127.0.0.1 - - [20/Jan/2022 21:52:58] "GET / HTTP/1.1" 404 -
127.0.0.1 - - [20/Jan/2022 21:53:13] "GET /blog/1 HTTP/1.1" 200 -

(flask) C:\Users\ola\Documents\python\jet_brains_py_charm\flask>set FLASK_APP=C:\Users\ola\Documents\python\jet_brains_py_charm\flask\message.py

(flask) C:\Users\ola\Documents\python\jet_brains_py_charm\flask>flask run
 * Serving Flask app 'C:\\Users\\ola\\Documents\\python\\jet_brains_py_charm\\flask\\message.py' (lazy loading)
 * Environment: development
 * Debug mode: on
 * Restarting with stat
 * Debugger is active!
 * Debugger PIN: 737-898-109
 * Running on http://127.0.0.1:5000/ (Press CTRL+C to quit)
127.0.0.1 - - [20/Jan/2022 22:00:03] "GET / HTTP/1.1" 404 -
127.0.0.1 - - [20/Jan/2022 22:00:13] "GET /message HTTP/1.1" 405 -

(flask) C:\Users\ola\Documents\python\jet_brains_py_charm\flask>curl -X POST "http://127.0.0.1:5000/message"
curl: (7) Failed to connect to 127.0.0.1 port 5000 after 2035 ms: Connection refused

(flask) C:\Users\ola\Documents\python\jet_brains_py_charm\flask>set FLASK_APP=C:\Users\ola\Documents\python\jet_brains_py_charm\flask\szablon\main.py

(flask) C:\Users\ola\Documents\python\jet_brains_py_charm\flask>flask run
 * Serving Flask app 'C:\\Users\\ola\\Documents\\python\\jet_brains_py_charm\\flask\\szablon\\main.py' (lazy loading)
 * Environment: development
 * Debug mode: on
 * Restarting with stat
 * Debugger is active!
 * Debugger PIN: 737-898-109
 * Running on http://127.0.0.1:5000/ (Press CTRL+C to quit)
127.0.0.1 - - [20/Jan/2022 22:20:32] "GET / HTTP/1.1" 404 -
127.0.0.1 - - [20/Jan/2022 22:20:49] "GET /main HTTP/1.1" 404 -
127.0.0.1 - - [20/Jan/2022 22:20:53] "GET /main HTTP/1.1" 404 -
127.0.0.1 - - [20/Jan/2022 22:21:08] "GET /message HTTP/1.1" 500 -
Traceback (most recent call last):
  File "C:\Users\ola\Documents\python\jet_brains_py_charm\flask\Lib\site-packages\flask\app.py", line 2091, in __call__
    return self.wsgi_app(environ, start_response)
  File "C:\Users\ola\Documents\python\jet_brains_py_charm\flask\Lib\site-packages\flask\app.py", line 2076, in wsgi_app
    response = self.handle_exception(e)
  File "C:\Users\ola\Documents\python\jet_brains_py_charm\flask\Lib\site-packages\flask\app.py", line 2073, in wsgi_app
    response = self.full_dispatch_request()
  File "C:\Users\ola\Documents\python\jet_brains_py_charm\flask\Lib\site-packages\flask\app.py", line 1518, in full_dispatch_request
    rv = self.handle_user_exception(e)
  File "C:\Users\ola\Documents\python\jet_brains_py_charm\flask\Lib\site-packages\flask\app.py", line 1516, in full_dispatch_request
    rv = self.dispatch_request()
  File "C:\Users\ola\Documents\python\jet_brains_py_charm\flask\Lib\site-packages\flask\app.py", line 1502, in dispatch_request
    return self.ensure_sync(self.view_functions[rule.endpoint])(**req.view_args)
  File "C:\Users\ola\Documents\python\jet_brains_py_charm\flask\szablon\main.py", line 9, in message
    if request.method == 'GET':
NameError: name 'request' is not defined
127.0.0.1 - - [20/Jan/2022 22:21:08] "GET /message?__debugger__=yes&cmd=resource&f=style.css HTTP/1.1" 200 -
127.0.0.1 - - [20/Jan/2022 22:21:08] "GET /message?__debugger__=yes&cmd=resource&f=debugger.js HTTP/1.1" 200 -
127.0.0.1 - - [20/Jan/2022 22:21:08] "GET /message?__debugger__=yes&cmd=resource&f=console.png HTTP/1.1" 200 -
127.0.0.1 - - [20/Jan/2022 22:21:08] "GET /message?__debugger__=yes&cmd=resource&f=ubuntu.ttf HTTP/1.1" 200 -
127.0.0.1 - - [20/Jan/2022 22:21:08] "GET /message?__debugger__=yes&cmd=resource&f=console.png HTTP/1.1" 200 -
 * Detected change in 'C:\\Users\\ola\\Documents\\python\\jet_brains_py_charm\\flask\\szablon\\main.py', reloading
 * Restarting with stat
 * Debugger is active!
 * Debugger PIN: 737-898-109
 * Running on http://127.0.0.1:5000/ (Press CTRL+C to quit)
We received GET
127.0.0.1 - - [20/Jan/2022 22:23:20] "GET /message HTTP/1.1" 500 -
Traceback (most recent call last):
  File "C:\Users\ola\Documents\python\jet_brains_py_charm\flask\Lib\site-packages\flask\app.py", line 2091, in __call__
    return self.wsgi_app(environ, start_response)
  File "C:\Users\ola\Documents\python\jet_brains_py_charm\flask\Lib\site-packages\flask\app.py", line 2076, in wsgi_app
    response = self.handle_exception(e)
  File "C:\Users\ola\Documents\python\jet_brains_py_charm\flask\Lib\site-packages\flask\app.py", line 2073, in wsgi_app
    response = self.full_dispatch_request()
  File "C:\Users\ola\Documents\python\jet_brains_py_charm\flask\Lib\site-packages\flask\app.py", line 1518, in full_dispatch_request
    rv = self.handle_user_exception(e)
  File "C:\Users\ola\Documents\python\jet_brains_py_charm\flask\Lib\site-packages\flask\app.py", line 1516, in full_dispatch_request
    rv = self.dispatch_request()
  File "C:\Users\ola\Documents\python\jet_brains_py_charm\flask\Lib\site-packages\flask\app.py", line 1502, in dispatch_request
    return self.ensure_sync(self.view_functions[rule.endpoint])(**req.view_args)
  File "C:\Users\ola\Documents\python\jet_brains_py_charm\flask\szablon\main.py", line 11, in message
    return render_template("form.html")
  File "C:\Users\ola\Documents\python\jet_brains_py_charm\flask\Lib\site-packages\flask\templating.py", line 148, in render_template
    ctx.app.jinja_env.get_or_select_template(template_name_or_list),
  File "C:\Users\ola\Documents\python\jet_brains_py_charm\flask\Lib\site-packages\jinja2\environment.py", line 1068, in get_or_select_template
    return self.get_template(template_name_or_list, parent, globals)
  File "C:\Users\ola\Documents\python\jet_brains_py_charm\flask\Lib\site-packages\jinja2\environment.py", line 997, in get_template
    return self._load_template(name, globals)
  File "C:\Users\ola\Documents\python\jet_brains_py_charm\flask\Lib\site-packages\jinja2\environment.py", line 958, in _load_template
    template = self.loader.load(self, name, self.make_globals(globals))
  File "C:\Users\ola\Documents\python\jet_brains_py_charm\flask\Lib\site-packages\jinja2\loaders.py", line 125, in load
    source, filename, uptodate = self.get_source(environment, name)
  File "C:\Users\ola\Documents\python\jet_brains_py_charm\flask\Lib\site-packages\flask\templating.py", line 59, in get_source
    return self._get_source_fast(environment, template)
  File "C:\Users\ola\Documents\python\jet_brains_py_charm\flask\Lib\site-packages\flask\templating.py", line 95, in _get_source_fast
    raise TemplateNotFound(template)
jinja2.exceptions.TemplateNotFound: form.html
127.0.0.1 - - [20/Jan/2022 22:23:21] "GET /message?__debugger__=yes&cmd=resource&f=debugger.js HTTP/1.1" 200 -
127.0.0.1 - - [20/Jan/2022 22:23:21] "GET /message?__debugger__=yes&cmd=resource&f=style.css HTTP/1.1" 200 -
127.0.0.1 - - [20/Jan/2022 22:23:21] "GET /message?__debugger__=yes&cmd=resource&f=console.png HTTP/1.1" 200 -
127.0.0.1 - - [20/Jan/2022 22:23:21] "GET /message?__debugger__=yes&cmd=resource&f=ubuntu.ttf HTTP/1.1" 200 -
127.0.0.1 - - [20/Jan/2022 22:23:21] "GET /message?__debugger__=yes&cmd=resource&f=console.png HTTP/1.1" 200 -
We received GET
127.0.0.1 - - [20/Jan/2022 22:25:21] "GET /message HTTP/1.1" 200 -

(flask) C:\Users\ola\Documents\python\jet_brains_py_charm\flask>